Command: C:\Users\tmpor\.espressif\python_env\idf5.5_py3.11_env\Scripts\python.exe C:\Users\tmpor\esp\v5.5.1\esp-idf\tools/idf_monitor.py -p COM9 -b 115200 --toolchain-prefix xtensa-esp32-elf- --target esp32 --revision 0 C:\Users\tmpor\Documents\ESP_Projects\ESP32_ADC_IIF_Bandpass_Filter\build\adc.elf C:\Users\tmpor\Documents\ESP_Projects\ESP32_ADC_IIF_Bandpass_Filter\build\bootloader\bootloader.elf --force-color -m 'C:\Users\tmpor\.espressif\python_env\idf5.5_py3.11_env\Scripts\python.exe' 'C:\Users\tmpor\esp\v5.5.1\esp-idf\tools\idf.py'
eï¿½ets Jul 29 2019 12:21:46

rst:0x1 (POWERON_RESET),boot:0x13 (SPI_FAST_FLASH_BOOT)
configsip: 0, SPIWP:0xee
clk_drv:0x00,q_drv:0x00,d_drv:0x00,cs0_drv:0x00,hd_drv:0x00,wp_drv:0x00
mode:DIO, clock div:2
load:0x3fff0030,len:6380
ho 0 tail 12 room 4
load:0x40078000,len:15916
load:0x40080400,len:3860
entry 0x40080638
[0;32mI (29) boot: ESP-IDF v5.5.1 2nd stage bootloader[0m
[0;32mI (29) boot: compile time Oct 26 2025 10:50:58[0m
[0;32mI (29) boot: Multicore bootloader[0m
[0;32mI (31) boot: chip revision: v3.1[0m
[0;32mI (33) boot.esp32: SPI Speed      : 40MHz[0m
[0;32mI (37) boot.esp32: SPI Mode       : DIO[0m
[0;32mI (41) boot.esp32: SPI Flash Size : 2MB[0m
[0;32mI (44) boot: Enabling RNG early entropy source...[0m
[0;32mI (49) boot: Partition Table:[0m
[0;32mI (51) boot: ## Label            Usage          Type ST Offset   Length[0m
[0;32mI (58) boot:  0 nvs              WiFi data        01 02 00009000 00006000[0m
[0;32mI (64) boot:  1 phy_init         RF data          01 01 0000f000 00001000[0m
[0;32mI (71) boot:  2 factory          factory app      00 00 00010000 00100000[0m
[0;32mI (77) boot: End of partition table[0m
[0;32mI (81) esp_image: segment 0: paddr=00010020 vaddr=3f400020 size=08548h ( 34120) map[0m
[0;32mI (100) esp_image: segment 1: paddr=00018570 vaddr=3ffb0000 size=02228h (  8744) load[0m
[0;32mI (103) esp_image: segment 2: paddr=0001a7a0 vaddr=40080000 size=05878h ( 22648) load[0m
[0;32mI (114) esp_image: segment 3: paddr=00020020 vaddr=400d0020 size=12128h ( 74024) map[0m
[0;32mI (140) esp_image: segment 4: paddr=00032150 vaddr=40085878 size=0730ch ( 29452) load[0m
[0;32mI (151) esp_image: segment 5: paddr=00039464 vaddr=50000000 size=00020h (    32) load[0m
[0;32mI (158) boot: Loaded app from partition at offset 0x10000[0m
[0;32mI (158) boot: Disabling RNG early entropy source...[0m
[0;32mI (169) cpu_start: Multicore app[0m
[0;32mI (178) cpu_start: Pro cpu start user code[0m
[0;32mI (178) cpu_start: cpu freq: 160000000 Hz[0m
[0;32mI (178) app_init: Application information:[0m
[0;32mI (178) app_init: Project name:     adc[0m
[0;32mI (182) app_init: App version:      b210956-dirty[0m
[0;32mI (186) app_init: Compile time:     Oct 26 2025 10:50:28[0m
[0;32mI (191) app_init: ELF file SHA256:  ae1e08049...[0m
[0;32mI (195) app_init: ESP-IDF:          v5.5.1[0m
[0;32mI (199) efuse_init: Min chip rev:     v0.0[0m
[0;32mI (203) efuse_init: Max chip rev:     v3.99 [0m
[0;32mI (207) efuse_init: Chip rev:         v3.1[0m
[0;32mI (211) heap_init: Initializing. RAM available for dynamic allocation:[0m
[0;32mI (217) heap_init: At 3FFAE6E0 len 00001920 (6 KiB): DRAM[0m
[0;32mI (222) heap_init: At 3FFB2CD8 len 0002D328 (180 KiB): DRAM[0m
[0;32mI (228) heap_init: At 3FFE0440 len 00003AE0 (14 KiB): D/IRAM[0m
[0;32mI (233) heap_init: At 3FFE4350 len 0001BCB0 (111 KiB): D/IRAM[0m
[0;32mI (238) heap_init: At 4008CB84 len 0001347C (77 KiB): IRAM[0m
[0;32mI (245) spi_flash: detected chip: generic[0m
[0;32mI (247) spi_flash: flash io: dio[0m
[0;33mW (250) spi_flash: Detected size(4096k) larger than the size in the binary image header(2048k). Using the size in the binary image header.[0m
[0;32mI (263) main_task: Started on CPU0[0m
[0;32mI (273) main_task: Calling app_main()[0m
[0;32mI (273) ADC: Starting ADC Initialization and Calibration...[0m
[0;32mI (273) ADC: ADC Unit initialized successfully![0m
[0;32mI (273) ADC: ADC channel configured successfully![0m
[0;32mI (273) ADC: ADC calibration ready.[0m
[0;32mI (283) ADC: ADC is now initialized and ready for sampling.[0m
[0;32mI (283) ADC: ADC sampling task started![0m
[0;32mI (293) ADC: ADC Sampling task created successfully![0m
[0;32mI (293) ADC: ADC filtering task started![0m
[0;32mI (303) ADC: ADC Filtering task created successfully![0m
[0;32mI (303) main_task: Returned from app_main()[0m
